// Jest Snapshot v1, https://goo.gl/fbAQLP

exports[` Test in <AddCategory/>  should render correctly 1`] = `
<form
  onSubmit={[Function]}
>
  <p>
     
     
  </p>
  <input
    onChange={[Function]}
    type="text"
    value=""
  />
</form>
`;
