// Jest Snapshot v1, https://goo.gl/fbAQLP

exports[`Test in component GifExpertApp should render the component correctly 1`] = `
<Fragment>
  <h2>
     GifExpertApp 
  </h2>
  <AddCategory
    setCategories={[Function]}
  />
  <hr />
</Fragment>
`;
